// Jest Snapshot v1, https://goo.gl/fbAQLP

exports[`renders correctly 1`] = `
<View
  style={
    Object {
      "alignItems": "center",
      "backgroundColor": "#FFF",
      "height": 1334,
      "width": 750,
    }
  }
>
  <Text
    accessible={true}
    allowFontScaling={true}
    disabled={false}
    ellipsizeMode="tail"
    style={
      Object {
        "color": "#999999",
        "fontFamily": "AvenirNext-regular",
        "fontSize": 20,
        "paddingTop": 200,
      }
    }
  >
    Enter an item number
  </Text>
  <TextInput
    autoFocus={true}
    keyboardType="numeric"
    maxLength={3}
    onChange={[Function]}
    returnKeyType="search"
    style={
      Object {
        "alignSelf": "center",
        "fontFamily": "AvenirNext-bold",
        "fontSize": 38,
        "height": 100,
        "width": 300,
      }
    }
    textAlign="center"
    value=""
  />
  <View
    accessibilityComponentType={undefined}
    accessibilityLabel={undefined}
    accessibilityTraits={undefined}
    accessible={true}
    collapsable={undefined}
    hitSlop={undefined}
    isTVSelectable={true}
    nativeID={undefined}
    onLayout={undefined}
    onResponderGrant={[Function]}
    onResponderMove={[Function]}
    onResponderRelease={[Function]}
    onResponderTerminate={[Function]}
    onResponderTerminationRequest={[Function]}
    onStartShouldSetResponder={[Function]}
    style={
      Object {
        "alignItems": "center",
        "backgroundColor": "#D0D0D0",
        "height": 50,
        "justifyContent": "center",
        "opacity": 1,
        "width": 750,
      }
    }
    testID={undefined}
    tvParallaxProperties={undefined}
  >
    <Text
      accessible={true}
      allowFontScaling={true}
      disabled={false}
      ellipsizeMode="tail"
      style={
        Object {
          "color": "#999999",
          "fontFamily": "AvenirNext-bold",
          "fontSize": 18,
        }
      }
    >
      View Item
    </Text>
  </View>
</View>
`;
